{"url":"https://www.web1.com","alias":"0"}

Response code: 200
{"url":"https://www.web2.com","alias":"1"}

Response code: 200
{"url":"https://www.web3.com","alias":"2"}

Response code: 200
{"url":"https://www.web4.com","alias":"3"}

Response code: 200
{"url":"https://www.web5.com","alias":"4"}

Response code: 200
