HTTP/1.1 200 OK
Content-Type: application/json
Date: Mon, 26 Aug 2024 23:19:26 GMT
Content-Length: 56

{"url":"https://www.google.com","alias":"000000000000"}
HTTP/1.1 200 OK
Content-Type: application/json
Date: Mon, 26 Aug 2024 23:19:35 GMT
Content-Length: 57

{"url":"https://www.nytimes.com","alias":"000000000001"}
